Archive member included to satisfy reference by file (symbol)

/home/pi/tool/xpack-riscv-none-embed-gcc-10.2.0-1.2/bin/../lib/gcc/riscv-none-embed/10.2.0/../../../../riscv-none-embed/lib/rv32imafc/ilp32f/libg_nano.a(lib_a-printf.o)
                              ./build/./app/main.c.o (printf)
/home/pi/tool/xpack-riscv-none-embed-gcc-10.2.0-1.2/bin/../lib/gcc/riscv-none-embed/10.2.0/../../../../riscv-none-embed/lib/rv32imafc/ilp32f/libg_nano.a(lib_a-puts.o)
                              ./build/./app/main.c.o (puts)
/home/pi/tool/xpack-riscv-none-embed-gcc-10.2.0-1.2/bin/../lib/gcc/riscv-none-embed/10.2.0/../../../../riscv-none-embed/lib/rv32imafc/ilp32f/libg_nano.a(lib_a-wbuf.o)
                              /home/pi/tool/xpack-riscv-none-embed-gcc-10.2.0-1.2/bin/../lib/gcc/riscv-none-embed/10.2.0/../../../../riscv-none-embed/lib/rv32imafc/ilp32f/libg_nano.a(lib_a-puts.o) (__swbuf_r)
/home/pi/tool/xpack-riscv-none-embed-gcc-10.2.0-1.2/bin/../lib/gcc/riscv-none-embed/10.2.0/../../../../riscv-none-embed/lib/rv32imafc/ilp32f/libg_nano.a(lib_a-wsetup.o)
                              /home/pi/tool/xpack-riscv-none-embed-gcc-10.2.0-1.2/bin/../lib/gcc/riscv-none-embed/10.2.0/../../../../riscv-none-embed/lib/rv32imafc/ilp32f/libg_nano.a(lib_a-puts.o) (__swsetup_r)
/home/pi/tool/xpack-riscv-none-embed-gcc-10.2.0-1.2/bin/../lib/gcc/riscv-none-embed/10.2.0/../../../../riscv-none-embed/lib/rv32imafc/ilp32f/libg_nano.a(lib_a-fflush.o)
                              /home/pi/tool/xpack-riscv-none-embed-gcc-10.2.0-1.2/bin/../lib/gcc/riscv-none-embed/10.2.0/../../../../riscv-none-embed/lib/rv32imafc/ilp32f/libg_nano.a(lib_a-wbuf.o) (_fflush_r)
/home/pi/tool/xpack-riscv-none-embed-gcc-10.2.0-1.2/bin/../lib/gcc/riscv-none-embed/10.2.0/../../../../riscv-none-embed/lib/rv32imafc/ilp32f/libg_nano.a(lib_a-findfp.o)
                              /home/pi/tool/xpack-riscv-none-embed-gcc-10.2.0-1.2/bin/../lib/gcc/riscv-none-embed/10.2.0/../../../../riscv-none-embed/lib/rv32imafc/ilp32f/libg_nano.a(lib_a-printf.o) (__sinit)
/home/pi/tool/xpack-riscv-none-embed-gcc-10.2.0-1.2/bin/../lib/gcc/riscv-none-embed/10.2.0/../../../../riscv-none-embed/lib/rv32imafc/ilp32f/libg_nano.a(lib_a-fwalk.o)
                              /home/pi/tool/xpack-riscv-none-embed-gcc-10.2.0-1.2/bin/../lib/gcc/riscv-none-embed/10.2.0/../../../../riscv-none-embed/lib/rv32imafc/ilp32f/libg_nano.a(lib_a-findfp.o) (_fwalk)
/home/pi/tool/xpack-riscv-none-embed-gcc-10.2.0-1.2/bin/../lib/gcc/riscv-none-embed/10.2.0/../../../../riscv-none-embed/lib/rv32imafc/ilp32f/libg_nano.a(lib_a-impure.o)
                              /home/pi/tool/xpack-riscv-none-embed-gcc-10.2.0-1.2/bin/../lib/gcc/riscv-none-embed/10.2.0/../../../../riscv-none-embed/lib/rv32imafc/ilp32f/libg_nano.a(lib_a-fflush.o) (_global_impure_ptr)
/home/pi/tool/xpack-riscv-none-embed-gcc-10.2.0-1.2/bin/../lib/gcc/riscv-none-embed/10.2.0/../../../../riscv-none-embed/lib/rv32imafc/ilp32f/libg_nano.a(lib_a-makebuf.o)
                              /home/pi/tool/xpack-riscv-none-embed-gcc-10.2.0-1.2/bin/../lib/gcc/riscv-none-embed/10.2.0/../../../../riscv-none-embed/lib/rv32imafc/ilp32f/libg_nano.a(lib_a-wsetup.o) (__smakebuf_r)
/home/pi/tool/xpack-riscv-none-embed-gcc-10.2.0-1.2/bin/../lib/gcc/riscv-none-embed/10.2.0/../../../../riscv-none-embed/lib/rv32imafc/ilp32f/libg_nano.a(lib_a-memset.o)
                              /home/pi/tool/xpack-riscv-none-embed-gcc-10.2.0-1.2/bin/../lib/gcc/riscv-none-embed/10.2.0/../../../../riscv-none-embed/lib/rv32imafc/ilp32f/libg_nano.a(lib_a-findfp.o) (memset)
/home/pi/tool/xpack-riscv-none-embed-gcc-10.2.0-1.2/bin/../lib/gcc/riscv-none-embed/10.2.0/../../../../riscv-none-embed/lib/rv32imafc/ilp32f/libg_nano.a(lib_a-nano-freer.o)
                              /home/pi/tool/xpack-riscv-none-embed-gcc-10.2.0-1.2/bin/../lib/gcc/riscv-none-embed/10.2.0/../../../../riscv-none-embed/lib/rv32imafc/ilp32f/libg_nano.a(lib_a-wsetup.o) (_free_r)
/home/pi/tool/xpack-riscv-none-embed-gcc-10.2.0-1.2/bin/../lib/gcc/riscv-none-embed/10.2.0/../../../../riscv-none-embed/lib/rv32imafc/ilp32f/libg_nano.a(lib_a-nano-mallocr.o)
                              /home/pi/tool/xpack-riscv-none-embed-gcc-10.2.0-1.2/bin/../lib/gcc/riscv-none-embed/10.2.0/../../../../riscv-none-embed/lib/rv32imafc/ilp32f/libg_nano.a(lib_a-findfp.o) (_malloc_r)
/home/pi/tool/xpack-riscv-none-embed-gcc-10.2.0-1.2/bin/../lib/gcc/riscv-none-embed/10.2.0/../../../../riscv-none-embed/lib/rv32imafc/ilp32f/libg_nano.a(lib_a-nano-vfprintf.o)
                              /home/pi/tool/xpack-riscv-none-embed-gcc-10.2.0-1.2/bin/../lib/gcc/riscv-none-embed/10.2.0/../../../../riscv-none-embed/lib/rv32imafc/ilp32f/libg_nano.a(lib_a-printf.o) (_vfprintf_r)
/home/pi/tool/xpack-riscv-none-embed-gcc-10.2.0-1.2/bin/../lib/gcc/riscv-none-embed/10.2.0/../../../../riscv-none-embed/lib/rv32imafc/ilp32f/libg_nano.a(lib_a-sbrkr.o)
[...]
Memory Configuration

Name             Origin             Length             Attributes
FLASH            0x0000000000000000 0x0000000000010000 xr
RAM              0x0000000020000000 0x0000000000005000 xrw
*default*        0x0000000000000000 0xffffffffffffffff

Linker script and memory map

LOAD ./build/./app/main.c.o
LOAD ./build/./vendor/Core/core_riscv.c.o
LOAD ./build/./vendor/Debug/debug.c.o
LOAD ./build/./vendor/Peripheral/src/ch32v20x_exti.c.o
LOAD ./build/./vendor/Peripheral/src/ch32v20x_i2c.c.o
LOAD ./build/./vendor/Peripheral/src/ch32v20x_usart.c.o
LOAD ./build/./vendor/Peripheral/src/ch32v20x_can.c.o
LOAD ./build/./vendor/Peripheral/src/ch32v20x_iwdg.c.o
LOAD ./build/./vendor/Peripheral/src/ch32v20x_misc.c.o
LOAD ./build/./vendor/Peripheral/src/ch32v20x_flash.c.o
LOAD ./build/./vendor/Peripheral/src/ch32v20x_bkp.c.o
LOAD ./build/./vendor/Peripheral/src/ch32v20x_dbgmcu.c.o
LOAD ./build/./vendor/Peripheral/src/ch32v20x_adc.c.o
LOAD ./build/./vendor/Peripheral/src/ch32v20x_spi.c.o
LOAD ./build/./vendor/Peripheral/src/ch32v20x_wwdg.c.o
LOAD ./build/./vendor/Peripheral/src/ch32v20x_rtc.c.o
LOAD ./build/./vendor/Peripheral/src/ch32v20x_rcc.c.o
LOAD ./build/./vendor/Peripheral/src/ch32v20x_crc.c.o
LOAD ./build/./vendor/Peripheral/src/ch32v20x_opa.c.o
LOAD ./build/./vendor/Peripheral/src/ch32v20x_tim.c.o
LOAD ./build/./vendor/Peripheral/src/ch32v20x_dma.c.o
LOAD ./build/./vendor/Peripheral/src/ch32v20x_pwr.c.o
LOAD ./build/./vendor/Peripheral/src/ch32v20x_gpio.c.o
LOAD ./build/./vendor/Startup/startup_ch32v20x_D6.S.o
LOAD ./build/./vendor/User/ch32v20x_it.c.o
LOAD ./build/./vendor/User/system_ch32v20x.c.o
LOAD /home/pi/tool/xpack-riscv-none-embed-gcc-10.2.0-1.2/bin/../lib/gcc/riscv-none-embed/10.2.0/rv32imafc/ilp32f/libgcc.a
LOAD /home/pi/tool/xpack-riscv-none-embed-gcc-10.2.0-1.2/bin/../lib/gcc/riscv-none-embed/10.2.0/../../../../riscv-none-embed/lib/rv32imafc/ilp32f/libg_nano.a
LOAD /home/pi/tool/xpack-riscv-none-embed-gcc-10.2.0-1.2/bin/../lib/gcc/riscv-none-embed/10.2.0/../../../../riscv-none-embed/lib/rv32imafc/ilp32f/libc_nano.a
LOAD /home/pi/tool/xpack-riscv-none-embed-gcc-10.2.0-1.2/bin/../lib/gcc/riscv-none-embed/10.2.0/rv32imafc/ilp32f/libgcc.a
START GROUP
LOAD /home/pi/tool/xpack-riscv-none-embed-gcc-10.2.0-1.2/bin/../lib/gcc/riscv-none-embed/10.2.0/rv32imafc/ilp32f/libgcc.a
LOAD /home/pi/tool/xpack-riscv-none-embed-gcc-10.2.0-1.2/bin/../lib/gcc/riscv-none-embed/10.2.0/../../../../riscv-none-embed/lib/rv32imafc/ilp32f/libc_nano.a
LOAD /home/pi/tool/xpack-riscv-none-embed-gcc-10.2.0-1.2/bin/../lib/gcc/riscv-none-embed/10.2.0/../../../../riscv-none-embed/lib/rv32imafc/ilp32f/libnosys.a
END GROUP
START GROUP
LOAD /home/pi/tool/xpack-riscv-none-embed-gcc-10.2.0-1.2/bin/../lib/gcc/riscv-none-embed/10.2.0/rv32imafc/ilp32f/libgcc.a
LOAD /home/pi/tool/xpack-riscv-none-embed-gcc-10.2.0-1.2/bin/../lib/gcc/riscv-none-embed/10.2.0/../../../../riscv-none-embed/lib/rv32imafc/ilp32f/libc_nano.a
LOAD /home/pi/tool/xpack-riscv-none-embed-gcc-10.2.0-1.2/bin/../lib/gcc/riscv-none-embed/10.2.0/../../../../riscv-none-embed/lib/rv32imafc/ilp32f/libnosys.a
END GROUP
                0x0000000000000800                __stack_size = 0x800
                [!provide]                        PROVIDE (_stack_size = __stack_size)

.init           0x0000000000000000       0x38
                0x0000000000000000                _sinit = .
                0x0000000000000000                . = ALIGN (0x4)
 *(SORT_NONE(.init))
 .init          0x0000000000000000       0x38 ./build/./vendor/Startup/startup_ch32v20x_D6.S.o
                0x0000000000000000                _start
                0x0000000000000038                . = ALIGN (0x4)
                0x0000000000000038                _einit = .

.vector         0x0000000000000038      0x108
 *(.vector)
 .vector        0x0000000000000038       0xfc ./build/./vendor/Startup/startup_ch32v20x_D6.S.o
                0x0000000000000140                . = ALIGN (0x40)
 *fill*         0x0000000000000134        0xc 

.text           0x0000000000000140     0x1944
                0x0000000000000140                . = ALIGN (0x4)
 *(.text)
 .text          0x0000000000000140       0xa8 /home/pi/tool/xpack-riscv-none-embed-gcc-10.2.0-1.2/bin/../lib/gcc/riscv-none-embed/10.2.0/../../../../riscv-none-embed/lib/rv32imafc/ilp32f/libg_nano.a(lib_a-memset.o)
                0x0000000000000140                memset
 *(.text.*)
 .text.GPIO_Toggle_INIT
                0x00000000000001e8       0x30 ./build/./app/main.c.o
                0x00000000000001e8                GPIO_Toggle_INIT
 .text.startup.main
                0x0000000000000218       0x50 ./build/./app/main.c.o
                0x0000000000000218                main
 .text.Delay_Init
                0x0000000000000268       0x26 ./build/./vendor/Debug/debug.c.o
                0x0000000000000268                Delay_Init
 .text.Delay_Ms
                0x000000000000028e       0x36 ./build/./vendor/Debug/debug.c.o
                0x000000000000028e                Delay_Ms
 .text.USART_Printf_Init
                0x00000000000002c4       0x56 ./build/./vendor/Debug/debug.c.o
                0x00000000000002c4                USART_Printf_Init
 .text._write   0x000000000000031a       0x4c ./build/./vendor/Debug/debug.c.o
                0x000000000000031a                _write
 .text._sbrk    0x0000000000000366       0x2a ./build/./vendor/Debug/debug.c.o
                0x0000000000000366                _sbrk
 .text.USART_Init
                0x0000000000000390       0xe0 ./build/./vendor/Peripheral/src/ch32v20x_usart.c.o
                0x0000000000000390                USART_Init
 .text.USART_Cmd
                0x0000000000000470       0x1c ./build/./vendor/Peripheral/src/ch32v20x_usart.c.o
                0x0000000000000470                USART_Cmd
 .text.USART_SendData
                0x000000000000048c        0xa ./build/./vendor/Peripheral/src/ch32v20x_usart.c.o
                0x000000000000048c                USART_SendData
 .text.USART_GetFlagStatus
                0x0000000000000496        0xc ./build/./vendor/Peripheral/src/ch32v20x_usart.c.o
                0x0000000000000496                USART_GetFlagStatus
 .text.NVIC_PriorityGroupConfig
                0x00000000000004a2        0x6 ./build/./vendor/Peripheral/src/ch32v20x_misc.c.o
                0x00000000000004a2                NVIC_PriorityGroupConfig
 .text.RCC_GetClocksFreq
                0x00000000000004a8       0xc4 ./build/./vendor/Peripheral/src/ch32v20x_rcc.c.o
                0x00000000000004a8                RCC_GetClocksFreq
 .text.RCC_APB2PeriphClockCmd
                0x000000000000056c       0x1e ./build/./vendor/Peripheral/src/ch32v20x_rcc.c.o
                0x000000000000056c                RCC_APB2PeriphClockCmd
 .text.GPIO_Init
                0x000000000000058a       0xd4 ./build/./vendor/Peripheral/src/ch32v20x_gpio.c.o
                0x000000000000058a                GPIO_Init
 .text.GPIO_WriteBit
                0x000000000000065e       0x14 ./build/./vendor/Peripheral/src/ch32v20x_gpio.c.o
                0x000000000000065e                GPIO_WriteBit
 .text.vector_handler
                0x0000000000000672       0x6c ./build/./vendor/Startup/startup_ch32v20x_D6.S.o
                0x0000000000000676                Ecall_M_Mode_Handler
                0x0000000000000678                Ecall_U_Mode_Handler
                0x000000000000067a                Break_Point_Handler
                0x000000000000067c                SysTick_Handler
                0x000000000000067e                SW_handler
                0x0000000000000680                WWDG_IRQHandler
                0x0000000000000682                PVD_IRQHandler
                0x0000000000000684                TAMPER_IRQHandler
                0x0000000000000686                RTC_IRQHandler
                0x0000000000000688                FLASH_IRQHandler
                0x000000000000068a                RCC_IRQHandler
                0x000000000000068c                EXTI0_IRQHandler
                0x000000000000068e                EXTI1_IRQHandler
                0x0000000000000690                EXTI2_IRQHandler
                0x0000000000000692                EXTI3_IRQHandler
                0x0000000000000694                EXTI4_IRQHandler
                0x0000000000000696                DMA1_Channel1_IRQHandler
                0x0000000000000698                DMA1_Channel2_IRQHandler
                0x000000000000069a                DMA1_Channel3_IRQHandler
                0x000000000000069c                DMA1_Channel4_IRQHandler
                0x000000000000069e                DMA1_Channel5_IRQHandler
                0x00000000000006a0                DMA1_Channel6_IRQHandler
                0x00000000000006a2                DMA1_Channel7_IRQHandler
                0x00000000000006a4                ADC1_2_IRQHandler
                0x00000000000006a6                USB_HP_CAN1_TX_IRQHandler
                0x00000000000006a8                USB_LP_CAN1_RX0_IRQHandler
                0x00000000000006aa                CAN1_RX1_IRQHandler
                0x00000000000006ac                CAN1_SCE_IRQHandler
                0x00000000000006ae                EXTI9_5_IRQHandler
                0x00000000000006b0                TIM1_BRK_IRQHandler
                0x00000000000006b2                TIM1_UP_IRQHandler
                0x00000000000006b4                TIM1_TRG_COM_IRQHandler
                0x00000000000006b6                TIM1_CC_IRQHandler
                0x00000000000006b8                TIM2_IRQHandler
                0x00000000000006ba                TIM3_IRQHandler
                0x00000000000006bc                TIM4_IRQHandler
                0x00000000000006be                I2C1_EV_IRQHandler
                0x00000000000006c0                I2C1_ER_IRQHandler
                0x00000000000006c2                I2C2_EV_IRQHandler
                0x00000000000006c4                I2C2_ER_IRQHandler
                0x00000000000006c6                SPI1_IRQHandler
                0x00000000000006c8                SPI2_IRQHandler
                0x00000000000006ca                USART1_IRQHandler
                0x00000000000006cc                USART2_IRQHandler
                0x00000000000006ce                USART3_IRQHandler
                0x00000000000006d0                EXTI15_10_IRQHandler
                0x00000000000006d2                RTCAlarm_IRQHandler
                0x00000000000006d4                USBWakeUp_IRQHandler
                0x00000000000006d6                USBHD_IRQHandler
                0x00000000000006d8                USBHDWakeUp_IRQHandler
                0x00000000000006da                UART4_IRQHandler
                0x00000000000006dc                DMA1_Channel8_IRQHandler
 .text.handle_reset
                0x00000000000006de       0x86 ./build/./vendor/Startup/startup_ch32v20x_D6.S.o
                0x00000000000006de                handle_reset
 .text.NMI_Handler
                0x0000000000000764        0x2 ./build/./vendor/User/ch32v20x_it.c.o
                0x0000000000000764                NMI_Handler
 .text.HardFault_Handler
                0x0000000000000766        0x2 ./build/./vendor/User/ch32v20x_it.c.o
                0x0000000000000766                HardFault_Handler
 .text.SystemInit
                0x0000000000000768       0x42 ./build/./vendor/User/system_ch32v20x.c.o
                0x0000000000000768                SystemInit
 .text.printf   0x00000000000007aa       0x3a /home/pi/tool/xpack-riscv-none-embed-gcc-10.2.0-1.2/bin/../lib/gcc/riscv-none-embed/10.2.0/../../../../riscv-none-embed/lib/rv32imafc/ilp32f/libg_nano.a(lib_a-printf.o)
                0x00000000000007aa                printf
                0x00000000000007aa                iprintf
 .text._puts_r  0x00000000000007e4       0xda /home/pi/tool/xpack-riscv-none-embed-gcc-10.2.0-1.2/bin/../lib/gcc/riscv-none-embed/10.2.0/../../../../riscv-none-embed/lib/rv32imafc/ilp32f/libg_nano.a(lib_a-puts.o)
                0x00000000000007e4                _puts_r
 .text.puts     0x00000000000008be        0x8 /home/pi/tool/xpack-riscv-none-embed-gcc-10.2.0-1.2/bin/../lib/gcc/riscv-none-embed/10.2.0/../../../../riscv-none-embed/lib/rv32imafc/ilp32f/libg_nano.a(lib_a-puts.o)
                0x00000000000008be                puts
 .text.__swbuf_r
                0x00000000000008c6       0xc0 /home/pi/tool/xpack-riscv-none-embed-gcc-10.2.0-1.2/bin/../lib/gcc/riscv-none-embed/10.2.0/../../../../riscv-none-embed/lib/rv32imafc/ilp32f/libg_nano.a(lib_a-wbuf.o)
                0x00000000000008c6                __swbuf_r
 .text.__swsetup_r
                0x0000000000000986      0x106 /home/pi/tool/xpack-riscv-none-embed-gcc-10.2.0-1.2/bin/../lib/gcc/riscv-none-embed/10.2.0/../../../../riscv-none-embed/lib/rv32imafc/ilp32f/libg_nano.a(lib_a-wsetup.o)
                0x0000000000000986                __swsetup_r
 .text.__sflush_r
                0x0000000000000a8c      0x146 /home/pi/tool/xpack-riscv-none-embed-gcc-10.2.0-1.2/bin/../lib/gcc/riscv-none-embed/10.2.0/../../../../riscv-none-embed/lib/rv32imafc/ilp32f/libg_nano.a(lib_a-fflush.o)
                0x0000000000000a8c                __sflush_r
 .text._fflush_r
                0x0000000000000bd2       0x64 /home/pi/tool/xpack-riscv-none-embed-gcc-10.2.0-1.2/bin/../lib/gcc/riscv-none-embed/10.2.0/../../../../riscv-none-embed/lib/rv32imafc/ilp32f/libg_nano.a(lib_a-fflush.o)
                0x0000000000000bd2                _fflush_r
 .text.std      0x0000000000000c36       0x6a /home/pi/tool/xpack-riscv-none-embed-gcc-10.2.0-1.2/bin/../lib/gcc/riscv-none-embed/10.2.0/../../../../riscv-none-embed/lib/rv32imafc/ilp32f/libg_nano.a(lib_a-findfp.o)
 .text._cleanup_r
                0x0000000000000ca0        0xa /home/pi/tool/xpack-riscv-none-embed-gcc-10.2.0-1.2/bin/../lib/gcc/riscv-none-embed/10.2.0/../../../../riscv-none-embed/lib/rv32imafc/ilp32f/libg_nano.a(lib_a-findfp.o)
                0x0000000000000ca0                _cleanup_r
 .text.__sfmoreglue
                0x0000000000000caa       0x46 /home/pi/tool/xpack-riscv-none-embed-gcc-10.2.0-1.2/bin/../lib/gcc/riscv-none-embed/10.2.0/../../../../riscv-none-embed/lib/rv32imafc/ilp32f/libg_nano.a(lib_a-findfp.o)
                0x0000000000000caa                __sfmoreglue
 .text.__sinit  0x0000000000000cf0       0x66 /home/pi/tool/xpack-riscv-none-embed-gcc-10.2.0-1.2/bin/../lib/gcc/riscv-none-embed/10.2.0/../../../../riscv-none-embed/lib/rv32imafc/ilp32f/libg_nano.a(lib_a-findfp.o)
                0x0000000000000cf0                __sinit
 .text.__sfp    0x0000000000000d56       0x9a /home/pi/tool/xpack-riscv-none-embed-gcc-10.2.0-1.2/bin/../lib/gcc/riscv-none-embed/10.2.0/../../../../riscv-none-embed/lib/rv32imafc/ilp32f/libg_nano.a(lib_a-findfp.o)
                0x0000000000000d56                __sfp
 .text._fwalk_reent
                0x0000000000000df0       0x6a /home/pi/tool/xpack-riscv-none-embed-gcc-10.2.0-1.2/bin/../lib/gcc/riscv-none-embed/10.2.0/../../../../riscv-none-embed/lib/rv32imafc/ilp32f/libg_nano.a(lib_a-fwalk.o)
                0x0000000000000df0                _fwalk_reent
 .text.__swhatbuf_r
                0x0000000000000e5a       0x5a /home/pi/tool/xpack-riscv-none-embed-gcc-10.2.0-1.2/bin/../lib/gcc/riscv-none-embed/10.2.0/../../../../riscv-none-embed/lib/rv32imafc/ilp32f/libg_nano.a(lib_a-makebuf.o)
                0x0000000000000e5a                __swhatbuf_r
 .text.__smakebuf_r
                0x0000000000000eb4       0x9c /home/pi/tool/xpack-riscv-none-embed-gcc-10.2.0-1.2/bin/../lib/gcc/riscv-none-embed/10.2.0/../../../../riscv-none-embed/lib/rv32imafc/ilp32f/libg_nano.a(lib_a-makebuf.o)
                0x0000000000000eb4                __smakebuf_r
 .text._free_r  0x0000000000000f50       0x9e /home/pi/tool/xpack-riscv-none-embed-gcc-10.2.0-1.2/bin/../lib/gcc/riscv-none-embed/10.2.0/../../../../riscv-none-embed/lib/rv32imafc/ilp32f/libg_nano.a(lib_a-nano-freer.o)
                0x0000000000000f50                _free_r
 .text._malloc_r
                0x0000000000000fee       0xd0 /home/pi/tool/xpack-riscv-none-embed-gcc-10.2.0-1.2/bin/../lib/gcc/riscv-none-embed/10.2.0/../../../../riscv-none-embed/lib/rv32imafc/ilp32f/libg_nano.a(lib_a-nano-mallocr.o)
                0x0000000000000fee                _malloc_r
 .text.__sfputc_r
                0x00000000000010be       0x2a /home/pi/tool/xpack-riscv-none-embed-gcc-10.2.0-1.2/bin/../lib/gcc/riscv-none-embed/10.2.0/../../../../riscv-none-embed/lib/rv32imafc/ilp32f/libg_nano.a(lib_a-nano-vfprintf.o)
 .text.__sfputs_r
                0x00000000000010e8       0x42 /home/pi/tool/xpack-riscv-none-embed-gcc-10.2.0-1.2/bin/../lib/gcc/riscv-none-embed/10.2.0/../../../../riscv-none-embed/lib/rv32imafc/ilp32f/libg_nano.a(lib_a-nano-vfprintf.o)
                0x00000000000010e8                __sfputs_r
 .text._vfprintf_r
                0x000000000000112a      0x294 /home/pi/tool/xpack-riscv-none-embed-gcc-10.2.0-1.2/bin/../lib/gcc/riscv-none-embed/10.2.0/../../../../riscv-none-embed/lib/rv32imafc/ilp32f/libg_nano.a(lib_a-nano-vfprintf.o)
                0x000000000000112a                _vfiprintf_r
                0x000000000000112a                _vfprintf_r
 .text._sbrk_r  0x00000000000013be       0x28 /home/pi/tool/xpack-riscv-none-embed-gcc-10.2.0-1.2/bin/../lib/gcc/riscv-none-embed/10.2.0/../../../../riscv-none-embed/lib/rv32imafc/ilp32f/libg_nano.a(lib_a-sbrkr.o)
                0x00000000000013be                _sbrk_r
 .text.__sread  0x00000000000013e6       0x30 /home/pi/tool/xpack-riscv-none-embed-gcc-10.2.0-1.2/bin/../lib/gcc/riscv-none-embed/10.2.0/../../../../riscv-none-embed/lib/rv32imafc/ilp32f/libg_nano.a(lib_a-stdio.o)
                0x00000000000013e6                __sread
 .text.__swrite
                0x0000000000001416       0x4e /home/pi/tool/xpack-riscv-none-embed-gcc-10.2.0-1.2/bin/../lib/gcc/riscv-none-embed/10.2.0/../../../../riscv-none-embed/lib/rv32imafc/ilp32f/libg_nano.a(lib_a-stdio.o)
                0x0000000000001416                __swrite
 .text.__sseek  0x0000000000001464       0x36 /home/pi/tool/xpack-riscv-none-embed-gcc-10.2.0-1.2/bin/../lib/gcc/riscv-none-embed/10.2.0/../../../../riscv-none-embed/lib/rv32imafc/ilp32f/libg_nano.a(lib_a-stdio.o)
                0x0000000000001464                __sseek
 .text.__sclose
                0x000000000000149a        0x6 /home/pi/tool/xpack-riscv-none-embed-gcc-10.2.0-1.2/bin/../lib/gcc/riscv-none-embed/10.2.0/../../../../riscv-none-embed/lib/rv32imafc/ilp32f/libg_nano.a(lib_a-stdio.o)
                0x000000000000149a                __sclose
 .text._write_r
                0x00000000000014a0       0x2c /home/pi/tool/xpack-riscv-none-embed-gcc-10.2.0-1.2/bin/../lib/gcc/riscv-none-embed/10.2.0/../../../../riscv-none-embed/lib/rv32imafc/ilp32f/libg_nano.a(lib_a-writer.o)
                0x00000000000014a0                _write_r
 .text._close_r
                0x00000000000014cc       0x26 /home/pi/tool/xpack-riscv-none-embed-gcc-10.2.0-1.2/bin/../lib/gcc/riscv-none-embed/10.2.0/../../../../riscv-none-embed/lib/rv32imafc/ilp32f/libg_nano.a(lib_a-closer.o)
                0x00000000000014cc                _close_r
 .text._fstat_r
                0x00000000000014f2       0x28 /home/pi/tool/xpack-riscv-none-embed-gcc-10.2.0-1.2/bin/../lib/gcc/riscv-none-embed/10.2.0/../../../../riscv-none-embed/lib/rv32imafc/ilp32f/libg_nano.a(lib_a-fstatr.o)
                0x00000000000014f2                _fstat_r
 .text._isatty_r
                0x000000000000151a       0x26 /home/pi/tool/xpack-riscv-none-embed-gcc-10.2.0-1.2/bin/../lib/gcc/riscv-none-embed/10.2.0/../../../../riscv-none-embed/lib/rv32imafc/ilp32f/libg_nano.a(lib_a-isattyr.o)
                0x000000000000151a                _isatty_r
 .text._lseek_r
                0x0000000000001540       0x2a /home/pi/tool/xpack-riscv-none-embed-gcc-10.2.0-1.2/bin/../lib/gcc/riscv-none-embed/10.2.0/../../../../riscv-none-embed/lib/rv32imafc/ilp32f/libg_nano.a(lib_a-lseekr.o)
                0x0000000000001540                _lseek_r
 .text.memchr   0x000000000000156a       0x1a /home/pi/tool/xpack-riscv-none-embed-gcc-10.2.0-1.2/bin/../lib/gcc/riscv-none-embed/10.2.0/../../../../riscv-none-embed/lib/rv32imafc/ilp32f/libg_nano.a(lib_a-memchr.o)
                0x000000000000156a                memchr
 .text.__malloc_lock
                0x0000000000001584        0x2 /home/pi/tool/xpack-riscv-none-embed-gcc-10.2.0-1.2/bin/../lib/gcc/riscv-none-embed/10.2.0/../../../../riscv-none-embed/lib/rv32imafc/ilp32f/libg_nano.a(lib_a-mlock.o)
                0x0000000000001584                __malloc_lock
 .text.__malloc_unlock
                0x0000000000001586        0x2 /home/pi/tool/xpack-riscv-none-embed-gcc-10.2.0-1.2/bin/../lib/gcc/riscv-none-embed/10.2.0/../../../../riscv-none-embed/lib/rv32imafc/ilp32f/libg_nano.a(lib_a-mlock.o)
                0x0000000000001586                __malloc_unlock
 .text._printf_common
                0x0000000000001588      0x10c /home/pi/tool/xpack-riscv-none-embed-gcc-10.2.0-1.2/bin/../lib/gcc/riscv-none-embed/10.2.0/../../../../riscv-none-embed/lib/rv32imafc/ilp32f/libg_nano.a(lib_a-nano-vfprintf_i.o)
                0x0000000000001588                _printf_common
 .text._printf_i
                0x0000000000001694      0x270 /home/pi/tool/xpack-riscv-none-embed-gcc-10.2.0-1.2/bin/../lib/gcc/riscv-none-embed/10.2.0/../../../../riscv-none-embed/lib/rv32imafc/ilp32f/libg_nano.a(lib_a-nano-vfprintf_i.o)
                0x0000000000001694                _printf_i
 .text._read_r  0x0000000000001904       0x2a /home/pi/tool/xpack-riscv-none-embed-gcc-10.2.0-1.2/bin/../lib/gcc/riscv-none-embed/10.2.0/../../../../riscv-none-embed/lib/rv32imafc/ilp32f/libg_nano.a(lib_a-readr.o)
                0x0000000000001904                _read_r
 .text._close   0x000000000000192e        0xc /home/pi/tool/xpack-riscv-none-embed-gcc-10.2.0-1.2/bin/../lib/gcc/riscv-none-embed/10.2.0/../../../../riscv-none-embed/lib/rv32imafc/ilp32f/libnosys.a(close.o)
                0x000000000000192e                _close
 .text._fstat   0x000000000000193a        0xc /home/pi/tool/xpack-riscv-none-embed-gcc-10.2.0-1.2/bin/../lib/gcc/riscv-none-embed/10.2.0/../../../../riscv-none-embed/lib/rv32imafc/ilp32f/libnosys.a(fstat.o)
                0x000000000000193a                _fstat
 .text._isatty  0x0000000000001946        0xc /home/pi/tool/xpack-riscv-none-embed-gcc-10.2.0-1.2/bin/../lib/gcc/riscv-none-embed/10.2.0/../../../../riscv-none-embed/lib/rv32imafc/ilp32f/libnosys.a(isatty.o)
                0x0000000000001946                _isatty
 .text._lseek   0x0000000000001952        0xc /home/pi/tool/xpack-riscv-none-embed-gcc-10.2.0-1.2/bin/../lib/gcc/riscv-none-embed/10.2.0/../../../../riscv-none-embed/lib/rv32imafc/ilp32f/libnosys.a(lseek.o)
                0x0000000000001952                _lseek
 .text._read    0x000000000000195e        0xc /home/pi/tool/xpack-riscv-none-embed-gcc-10.2.0-1.2/bin/../lib/gcc/riscv-none-embed/10.2.0/../../../../riscv-none-embed/lib/rv32imafc/ilp32f/libnosys.a(read.o)
                0x000000000000195e                _read
 *(.rodata)
 *(.rodata*)
 *fill*         0x000000000000196a        0x2 
 .rodata.main.str1.4
                0x000000000000196c       0x22 ./build/./app/main.c.o
 *fill*         0x000000000000198e        0x2 
 .rodata.__sf_fake_stderr
                0x0000000000001990       0x20 /home/pi/tool/xpack-riscv-none-embed-gcc-10.2.0-1.2/bin/../lib/gcc/riscv-none-embed/10.2.0/../../../../riscv-none-embed/lib/rv32imafc/ilp32f/libg_nano.a(lib_a-findfp.o)
                0x0000000000001990                __sf_fake_stderr
 .rodata.__sf_fake_stdin
                0x00000000000019b0       0x20 /home/pi/tool/xpack-riscv-none-embed-gcc-10.2.0-1.2/bin/../lib/gcc/riscv-none-embed/10.2.0/../../../../riscv-none-embed/lib/rv32imafc/ilp32f/libg_nano.a(lib_a-findfp.o)
                0x00000000000019b0                __sf_fake_stdin
 .rodata.__sf_fake_stdout
                0x00000000000019d0       0x20 /home/pi/tool/xpack-riscv-none-embed-gcc-10.2.0-1.2/bin/../lib/gcc/riscv-none-embed/10.2.0/../../../../riscv-none-embed/lib/rv32imafc/ilp32f/libg_nano.a(lib_a-findfp.o)
                0x00000000000019d0                __sf_fake_stdout
 .rodata._vfprintf_r.str1.4
                0x00000000000019f0       0x13 /home/pi/tool/xpack-riscv-none-embed-gcc-10.2.0-1.2/bin/../lib/gcc/riscv-none-embed/10.2.0/../../../../riscv-none-embed/lib/rv32imafc/ilp32f/libg_nano.a(lib_a-nano-vfprintf.o)
 *fill*         0x0000000000001a03        0x1 
 .rodata._printf_i.str1.4
                0x0000000000001a04       0x25 /home/pi/tool/xpack-riscv-none-embed-gcc-10.2.0-1.2/bin/../lib/gcc/riscv-none-embed/10.2.0/../../../../riscv-none-embed/lib/rv32imafc/ilp32f/libg_nano.a(lib_a-nano-vfprintf_i.o)
 *fill*         0x0000000000001a29        0x3 
 .rodata._printf_i
                0x0000000000001a2c       0x58 /home/pi/tool/xpack-riscv-none-embed-gcc-10.2.0-1.2/bin/../lib/gcc/riscv-none-embed/10.2.0/../../../../riscv-none-embed/lib/rv32imafc/ilp32f/libg_nano.a(lib_a-nano-vfprintf_i.o)
 *(.glue_7)
 *(.glue_7t)
 *(.gnu.linkonce.t.*)
                0x0000000000001a84                . = ALIGN (0x4)

.rela.dyn       0x0000000000001a84        0x0
 .rela.text._sbrk
                0x0000000000001a84        0x0 ./build/./app/main.c.o
 .rela.sdata.curbrk.0
                0x0000000000001a84        0x0 ./build/./app/main.c.o
 .rela.init     0x0000000000001a84        0x0 ./build/./app/main.c.o
 .rela.vector   0x0000000000001a84        0x0 ./build/./app/main.c.o
 .rela.text.handle_reset
                0x0000000000001a84        0x0 ./build/./app/main.c.o
 .rela.text._vfprintf_r
                0x0000000000001a84        0x0 ./build/./app/main.c.o

.fini           0x0000000000001a84        0x0
 *(SORT_NONE(.fini))
                0x0000000000001a84                . = ALIGN (0x4)
                [!provide]                        PROVIDE (_etext = .)
                [!provide]                        PROVIDE (_eitcm = .)

.preinit_array  0x0000000000001a84        0x0
                [!provide]                        PROVIDE (__preinit_array_start = .)
 *(.preinit_array)
                [!provide]                        PROVIDE (__preinit_array_end = .)

.init_array     0x0000000000001a84        0x0
                [!provide]                        PROVIDE (__init_array_start = .)
 *(SORT_BY_INIT_PRIORITY(.init_array.*) SORT_BY_INIT_PRIORITY(.ctors.*))
 *(.init_array EXCLUDE_FILE(*crtend?.o *crtend.o *crtbegin?.o *crtbegin.o) .ctors)
                [!provide]                        PROVIDE (__init_array_end = .)

.fini_array     0x0000000000001a84        0x0
                [!provide]                        PROVIDE (__fini_array_start = .)
 *(SORT_BY_INIT_PRIORITY(.fini_array.*) SORT_BY_INIT_PRIORITY(.dtors.*))
 *(.fini_array EXCLUDE_FILE(*crtend?.o *crtend.o *crtbegin?.o *crtbegin.o) .dtors)
                [!provide]                        PROVIDE (__fini_array_end = .)

.ctors
 *crtbegin.o(.ctors)
 *crtbegin?.o(.ctors)
 *(EXCLUDE_FILE(*crtend?.o *crtend.o) .ctors)
 *(SORT_BY_NAME(.ctors.*))
 *(.ctors)

.dtors
 *crtbegin.o(.dtors)
 *crtbegin?.o(.dtors)
 *(EXCLUDE_FILE(*crtend?.o *crtend.o) .dtors)
 *(SORT_BY_NAME(.dtors.*))
 *(.dtors)

.dalign         0x0000000020000000        0x0 load address 0x0000000000001a84
                0x0000000020000000                . = ALIGN (0x4)
                0x0000000020000000                PROVIDE (_data_vma = .)

.dlalign        0x0000000000001a84        0x0
                0x0000000000001a84                . = ALIGN (0x4)
                0x0000000000001a84                PROVIDE (_data_lma = .)

.data           0x0000000020000000       0x84 load address 0x0000000000001a84
 *(.gnu.linkonce.r.*)
 *(.data .data.*)
 .data.APBAHBPrescTable
                0x0000000020000000       0x10 ./build/./vendor/Peripheral/src/ch32v20x_rcc.c.o
 .data.impure_data
                0x0000000020000010       0x60 /home/pi/tool/xpack-riscv-none-embed-gcc-10.2.0-1.2/bin/../lib/gcc/riscv-none-embed/10.2.0/../../../../riscv-none-embed/lib/rv32imafc/ilp32f/libg_nano.a(lib_a-impure.o)
 *(.gnu.linkonce.d.*)
                0x0000000020000070                . = ALIGN (0x8)
                0x0000000020000870                PROVIDE (__global_pointer$ = (. + 0x800))
 *(.sdata .sdata.*)
 .sdata.curbrk.0
                0x0000000020000070        0x4 ./build/./vendor/Debug/debug.c.o
 .sdata.ADCPrescTable
                0x0000000020000074        0x4 ./build/./vendor/Peripheral/src/ch32v20x_rcc.c.o
 .sdata.SystemCoreClock
                0x0000000020000078        0x4 ./build/./vendor/User/system_ch32v20x.c.o
                0x0000000020000078                SystemCoreClock
 .sdata._impure_ptr
                0x000000002000007c        0x4 /home/pi/tool/xpack-riscv-none-embed-gcc-10.2.0-1.2/bin/../lib/gcc/riscv-none-embed/10.2.0/../../../../riscv-none-embed/lib/rv32imafc/ilp32f/libg_nano.a(lib_a-impure.o)
                0x000000002000007c                _impure_ptr
 *(.sdata2.*)
 *(.gnu.linkonce.s.*)
                0x0000000020000080                . = ALIGN (0x8)
 *(.srodata.cst16)
 *(.srodata.cst8)
 *(.srodata.cst4)
 *(.srodata.cst2)
 *(.srodata .srodata.*)
 .srodata._global_impure_ptr
                0x0000000020000080        0x4 /home/pi/tool/xpack-riscv-none-embed-gcc-10.2.0-1.2/bin/../lib/gcc/riscv-none-embed/10.2.0/../../../../riscv-none-embed/lib/rv32imafc/ilp32f/libg_nano.a(lib_a-impure.o)
                0x0000000020000080                _global_impure_ptr
                0x0000000020000084                . = ALIGN (0x4)
                0x0000000020000084                PROVIDE (_edata = .)

.bss            0x0000000020000084       0x14 load address 0x0000000000001b08
                0x0000000020000084                . = ALIGN (0x4)
                0x0000000020000084                PROVIDE (_sbss = .)
 *(.sbss*)
 .sbss.p_ms     0x0000000020000084        0x2 ./build/./vendor/Debug/debug.c.o
 .sbss.p_us     0x0000000020000086        0x1 ./build/./vendor/Debug/debug.c.o
 *fill*         0x0000000020000087        0x1 
 .sbss.NVIC_Priority_Group
                0x0000000020000088        0x4 ./build/./vendor/Peripheral/src/ch32v20x_misc.c.o
                0x0000000020000088                NVIC_Priority_Group
 .sbss.__malloc_free_list
                0x000000002000008c        0x4 /home/pi/tool/xpack-riscv-none-embed-gcc-10.2.0-1.2/bin/../lib/gcc/riscv-none-embed/10.2.0/../../../../riscv-none-embed/lib/rv32imafc/ilp32f/libg_nano.a(lib_a-nano-mallocr.o)
                0x000000002000008c                __malloc_free_list
 .sbss.__malloc_sbrk_start
                0x0000000020000090        0x4 /home/pi/tool/xpack-riscv-none-embed-gcc-10.2.0-1.2/bin/../lib/gcc/riscv-none-embed/10.2.0/../../../../riscv-none-embed/lib/rv32imafc/ilp32f/libg_nano.a(lib_a-nano-mallocr.o)
                0x0000000020000090                __malloc_sbrk_start
 .sbss.errno    0x0000000020000094        0x4 /home/pi/tool/xpack-riscv-none-embed-gcc-10.2.0-1.2/bin/../lib/gcc/riscv-none-embed/10.2.0/../../../../riscv-none-embed/lib/rv32imafc/ilp32f/libg_nano.a(lib_a-reent.o)
                0x0000000020000094                errno
 *(.gnu.linkonce.sb.*)
 *(.bss*)
 *(.gnu.linkonce.b.*)
 *(COMMON*)
                0x0000000020000098                . = ALIGN (0x4)
                0x0000000020000098                PROVIDE (_ebss = .)
                0x0000000020000098                PROVIDE (_end = _ebss)
                [!provide]                        PROVIDE (end = .)

.stack          0x0000000020004800      0x800
                0x0000000020004800                PROVIDE (_heap_end = .)
                0x0000000020004800                . = ALIGN (0x4)
                [!provide]                        PROVIDE (_susrstack = .)
                0x0000000020005000                . = (. + __stack_size)
 *fill*         0x0000000020004800      0x800 
                0x0000000020005000                PROVIDE (_eusrstack = .)
OUTPUT(build/app.elf elf32-littleriscv)

.debug_info     0x0000000000000000     0x300c
 .debug_info    0x0000000000000000      0x3b9 ./build/./app/main.c.o
 .debug_info    0x00000000000003b9      0x67c ./build/./vendor/Debug/debug.c.o
 .debug_info    0x0000000000000a35      0xafa ./build/./vendor/Peripheral/src/ch32v20x_usart.c.o
 .debug_info    0x000000000000152f      0x5c4 ./build/./vendor/Peripheral/src/ch32v20x_misc.c.o
 .debug_info    0x0000000000001af3      0xa10 ./build/./vendor/Peripheral/src/ch32v20x_rcc.c.o
 .debug_info    0x0000000000002503      0x80e ./build/./vendor/Peripheral/src/ch32v20x_gpio.c.o
 .debug_info    0x0000000000002d11       0x22 ./build/./vendor/Startup/startup_ch32v20x_D6.S.o
 .debug_info    0x0000000000002d33       0x97 ./build/./vendor/User/ch32v20x_it.c.o
 .debug_info    0x0000000000002dca      0x242 ./build/./vendor/User/system_ch32v20x.c.o

.debug_abbrev   0x0000000000000000      0xdce
 .debug_abbrev  0x0000000000000000      0x18d ./build/./app/main.c.o
 .debug_abbrev  0x000000000000018d      0x1f6 ./build/./vendor/Debug/debug.c.o
 .debug_abbrev  0x0000000000000383      0x1f0 ./build/./vendor/Peripheral/src/ch32v20x_usart.c.o
 .debug_abbrev  0x0000000000000573      0x1d0 ./build/./vendor/Peripheral/src/ch32v20x_misc.c.o
 .debug_abbrev  0x0000000000000743      0x2b3 ./build/./vendor/Peripheral/src/ch32v20x_rcc.c.o
 .debug_abbrev  0x00000000000009f6      0x226 ./build/./vendor/Peripheral/src/ch32v20x_gpio.c.o
 .debug_abbrev  0x0000000000000c1c       0x12 ./build/./vendor/Startup/startup_ch32v20x_D6.S.o
 .debug_abbrev  0x0000000000000c2e       0x44 ./build/./vendor/User/ch32v20x_it.c.o
 .debug_abbrev  0x0000000000000c72      0x15c ./build/./vendor/User/system_ch32v20x.c.o

.debug_loc      0x0000000000000000     0x19f6
 .debug_loc     0x0000000000000000       0x1f ./build/./app/main.c.o
 .debug_loc     0x000000000000001f      0x1b3 ./build/./vendor/Debug/debug.c.o
 .debug_loc     0x00000000000001d2      0x770 ./build/./vendor/Peripheral/src/ch32v20x_usart.c.o
 .debug_loc     0x0000000000000942       0xcd ./build/./vendor/Peripheral/src/ch32v20x_misc.c.o
 .debug_loc     0x0000000000000a0f      0x7b4 ./build/./vendor/Peripheral/src/ch32v20x_rcc.c.o
 .debug_loc     0x00000000000011c3      0x76d ./build/./vendor/Peripheral/src/ch32v20x_gpio.c.o
 .debug_loc     0x0000000000001930       0xc6 ./build/./vendor/User/system_ch32v20x.c.o

.debug_aranges  0x0000000000000000      0x3e8
 .debug_aranges
                0x0000000000000000       0x28 ./build/./app/main.c.o
 .debug_aranges
                0x0000000000000028       0x48 ./build/./vendor/Debug/debug.c.o
 .debug_aranges
                0x0000000000000070      0x100 ./build/./vendor/Peripheral/src/ch32v20x_usart.c.o
 .debug_aranges
                0x0000000000000170       0x28 ./build/./vendor/Peripheral/src/ch32v20x_misc.c.o
 .debug_aranges
                0x0000000000000198      0x128 ./build/./vendor/Peripheral/src/ch32v20x_rcc.c.o
 .debug_aranges
                0x00000000000002c0       0xa8 ./build/./vendor/Peripheral/src/ch32v20x_gpio.c.o
 .debug_aranges
                0x0000000000000368       0x30 ./build/./vendor/Startup/startup_ch32v20x_D6.S.o
 .debug_aranges
                0x0000000000000398       0x28 ./build/./vendor/User/ch32v20x_it.c.o
 .debug_aranges
                0x00000000000003c0       0x28 ./build/./vendor/User/system_ch32v20x.c.o

.debug_ranges   0x0000000000000000      0x3e0
 .debug_ranges  0x0000000000000000       0x18 ./build/./app/main.c.o
 .debug_ranges  0x0000000000000018       0x38 ./build/./vendor/Debug/debug.c.o
 .debug_ranges  0x0000000000000050       0xf0 ./build/./vendor/Peripheral/src/ch32v20x_usart.c.o
 .debug_ranges  0x0000000000000140       0x60 ./build/./vendor/Peripheral/src/ch32v20x_misc.c.o
 .debug_ranges  0x00000000000001a0      0x150 ./build/./vendor/Peripheral/src/ch32v20x_rcc.c.o
 .debug_ranges  0x00000000000002f0       0x98 ./build/./vendor/Peripheral/src/ch32v20x_gpio.c.o
 .debug_ranges  0x0000000000000388       0x28 ./build/./vendor/Startup/startup_ch32v20x_D6.S.o
 .debug_ranges  0x00000000000003b0       0x18 ./build/./vendor/User/ch32v20x_it.c.o
 .debug_ranges  0x00000000000003c8       0x18 ./build/./vendor/User/system_ch32v20x.c.o

.debug_line     0x0000000000000000     0x43b2
 .debug_line    0x0000000000000000      0x39d ./build/./app/main.c.o
 .debug_line    0x000000000000039d      0x6b0 ./build/./vendor/Debug/debug.c.o
 .debug_line    0x0000000000000a4d      0xf36 ./build/./vendor/Peripheral/src/ch32v20x_usart.c.o
 .debug_line    0x0000000000001983      0x3cc ./build/./vendor/Peripheral/src/ch32v20x_misc.c.o
 .debug_line    0x0000000000001d4f     0x1119 ./build/./vendor/Peripheral/src/ch32v20x_rcc.c.o
 .debug_line    0x0000000000002e68      0xeeb ./build/./vendor/Peripheral/src/ch32v20x_gpio.c.o
 .debug_line    0x0000000000003d53      0x263 ./build/./vendor/Startup/startup_ch32v20x_D6.S.o
 .debug_line    0x0000000000003fb6       0x86 ./build/./vendor/User/ch32v20x_it.c.o
 .debug_line    0x000000000000403c      0x376 ./build/./vendor/User/system_ch32v20x.c.o

.debug_str      0x0000000000000000     0x146c
 .debug_str     0x0000000000000000      0x376 ./build/./app/main.c.o
                                        0x3ce (size before relaxing)
 .debug_str     0x0000000000000376      0x1ac ./build/./vendor/Debug/debug.c.o
                                        0x51e (size before relaxing)
 .debug_str     0x0000000000000522      0x422 ./build/./vendor/Peripheral/src/ch32v20x_usart.c.o
                                        0x71f (size before relaxing)
 .debug_str     0x0000000000000944      0x472 ./build/./vendor/Peripheral/src/ch32v20x_misc.c.o
                                        0x68d (size before relaxing)
 .debug_str     0x0000000000000db6      0x3e5 ./build/./vendor/Peripheral/src/ch32v20x_rcc.c.o
                                        0x6c4 (size before relaxing)
 .debug_str     0x000000000000119b      0x215 ./build/./vendor/Peripheral/src/ch32v20x_gpio.c.o
                                        0x579 (size before relaxing)
 .debug_str     0x00000000000013b0       0x31 ./build/./vendor/Startup/startup_ch32v20x_D6.S.o
                                         0x5d (size before relaxing)
 .debug_str     0x00000000000013e1       0x38 ./build/./vendor/User/ch32v20x_it.c.o
                                        0x1aa (size before relaxing)
 .debug_str     0x0000000000001419       0x53 ./build/./vendor/User/system_ch32v20x.c.o
                                        0x28b (size before relaxing)

.comment        0x0000000000000000       0x34
 .comment       0x0000000000000000       0x34 ./build/./app/main.c.o
                                         0x35 (size before relaxing)
 .comment       0x0000000000000034       0x35 ./build/./vendor/Debug/debug.c.o
 .comment       0x0000000000000034       0x35 ./build/./vendor/Peripheral/src/ch32v20x_usart.c.o
 .comment       0x0000000000000034       0x35 ./build/./vendor/Peripheral/src/ch32v20x_misc.c.o
 .comment       0x0000000000000034       0x35 ./build/./vendor/Peripheral/src/ch32v20x_rcc.c.o
 .comment       0x0000000000000034       0x35 ./build/./vendor/Peripheral/src/ch32v20x_gpio.c.o
 .comment       0x0000000000000034       0x35 ./build/./vendor/User/ch32v20x_it.c.o
 .comment       0x0000000000000034       0x35 ./build/./vendor/User/system_ch32v20x.c.o
 .comment       0x0000000000000034       0x35 /home/pi/tool/xpack-riscv-none-embed-gcc-10.2.0-1.2/bin/../lib/gcc/riscv-none-embed/10.2.0/../../../../riscv-none-embed/lib/rv32imafc/ilp32f/libg_nano.a(lib_a-printf.o)
 .comment       0x0000000000000034       0x35 /home/pi/tool/xpack-riscv-none-embed-gcc-10.2.0-1.2/bin/../lib/gcc/riscv-none-embed/10.2.0/../../../../riscv-none-embed/lib/rv32imafc/ilp32f/libg_nano.a(lib_a-puts.o)
 .comment       0x0000000000000034       0x35 /home/pi/tool/xpack-riscv-none-embed-gcc-10.2.0-1.2/bin/../lib/gcc/riscv-none-embed/10.2.0/../../../../riscv-none-embed/lib/rv32imafc/ilp32f/libg_nano.a(lib_a-wbuf.o)
 .comment       0x0000000000000034       0x35 /home/pi/tool/xpack-riscv-none-embed-gcc-10.2.0-1.2/bin/../lib/gcc/riscv-none-embed/10.2.0/../../../../riscv-none-embed/lib/rv32imafc/ilp32f/libg_nano.a(lib_a-wsetup.o)
 .comment       0x0000000000000034       0x35 /home/pi/tool/xpack-riscv-none-embed-gcc-10.2.0-1.2/bin/../lib/gcc/riscv-none-embed/10.2.0/../../../../riscv-none-embed/lib/rv32imafc/ilp32f/libg_nano.a(lib_a-fflush.o)
 .comment       0x0000000000000034       0x35 /home/pi/tool/xpack-riscv-none-embed-gcc-10.2.0-1.2/bin/../lib/gcc/riscv-none-embed/10.2.0/../../../../riscv-none-embed/lib/rv32imafc/ilp32f/libg_nano.a(lib_a-findfp.o)
 .comment       0x0000000000000034       0x35 /home/pi/tool/xpack-riscv-none-embed-gcc-10.2.0-1.2/bin/../lib/gcc/riscv-none-embed/10.2.0/../../../../riscv-none-embed/lib/rv32imafc/ilp32f/libg_nano.a(lib_a-fwalk.o)
 .comment       0x0000000000000034       0x35 /home/pi/tool/xpack-riscv-none-embed-gcc-10.2.0-1.2/bin/../lib/gcc/riscv-none-embed/10.2.0/../../../../riscv-none-embed/lib/rv32imafc/ilp32f/libg_nano.a(lib_a-impure.o)
 .comment       0x0000000000000034       0x35 /home/pi/tool/xpack-riscv-none-embed-gcc-10.2.0-1.2/bin/../lib/gcc/riscv-none-embed/10.2.0/../../../../riscv-none-embed/lib/rv32imafc/ilp32f/libg_nano.a(lib_a-makebuf.o)
 .comment       0x0000000000000034       0x35 /home/pi/tool/xpack-riscv-none-embed-gcc-10.2.0-1.2/bin/../lib/gcc/riscv-none-embed/10.2.0/../../../../riscv-none-embed/lib/rv32imafc/ilp32f/libg_nano.a(lib_a-nano-freer.o)
 .comment       0x0000000000000034       0x35 /home/pi/tool/xpack-riscv-none-embed-gcc-10.2.0-1.2/bin/../lib/gcc/riscv-none-embed/10.2.0/../../../../riscv-none-embed/lib/rv32imafc/ilp32f/libg_nano.a(lib_a-nano-mallocr.o)
 .comment       0x0000000000000034       0x35 /home/pi/tool/xpack-riscv-none-embed-gcc-10.2.0-1.2/bin/../lib/gcc/riscv-none-embed/10.2.0/../../../../riscv-none-embed/lib/rv32imafc/ilp32f/libg_nano.a(lib_a-nano-vfprintf.o)
 .comment       0x0000000000000034       0x35 /home/pi/tool/xpack-riscv-none-embed-gcc-10.2.0-1.2/bin/../lib/gcc/riscv-none-embed/10.2.0/../../../../riscv-none-embed/lib/rv32imafc/ilp32f/libg_nano.a(lib_a-sbrkr.o)
 .comment       0x0000000000000034       0x35 /home/pi/tool/xpack-riscv-none-embed-gcc-10.2.0-1.2/bin/../lib/gcc/riscv-none-embed/10.2.0/../../../../riscv-none-embed/lib/rv32imafc/ilp32f/libg_nano.a(lib_a-stdio.o)
 .comment       0x0000000000000034       0x35 /home/pi/tool/xpack-riscv-none-embed-gcc-10.2.0-1.2/bin/../lib/gcc/riscv-none-embed/10.2.0/../../../../riscv-none-embed/lib/rv32imafc/ilp32f/libg_nano.a(lib_a-writer.o)
 .comment       0x0000000000000034       0x35 /home/pi/tool/xpack-riscv-none-embed-gcc-10.2.0-1.2/bin/../lib/gcc/riscv-none-embed/10.2.0/../../../../riscv-none-embed/lib/rv32imafc/ilp32f/libg_nano.a(lib_a-closer.o)
 .comment       0x0000000000000034       0x35 /home/pi/tool/xpack-riscv-none-embed-gcc-10.2.0-1.2/bin/../lib/gcc/riscv-none-embed/10.2.0/../../../../riscv-none-embed/lib/rv32imafc/ilp32f/libg_nano.a(lib_a-fstatr.o)
 .comment       0x0000000000000034       0x35 /home/pi/tool/xpack-riscv-none-embed-gcc-10.2.0-1.2/bin/../lib/gcc/riscv-none-embed/10.2.0/../../../../riscv-none-embed/lib/rv32imafc/ilp32f/libg_nano.a(lib_a-isattyr.o)
 .comment       0x0000000000000034       0x35 /home/pi/tool/xpack-riscv-none-embed-gcc-10.2.0-1.2/bin/../lib/gcc/riscv-none-embed/10.2.0/../../../../riscv-none-embed/lib/rv32imafc/ilp32f/libg_nano.a(lib_a-lseekr.o)
 .comment       0x0000000000000034       0x35 /home/pi/tool/xpack-riscv-none-embed-gcc-10.2.0-1.2/bin/../lib/gcc/riscv-none-embed/10.2.0/../../../../riscv-none-embed/lib/rv32imafc/ilp32f/libg_nano.a(lib_a-memchr.o)
 .comment       0x0000000000000034       0x35 /home/pi/tool/xpack-riscv-none-embed-gcc-10.2.0-1.2/bin/../lib/gcc/riscv-none-embed/10.2.0/../../../../riscv-none-embed/lib/rv32imafc/ilp32f/libg_nano.a(lib_a-mlock.o)
 .comment       0x0000000000000034       0x35 /home/pi/tool/xpack-riscv-none-embed-gcc-10.2.0-1.2/bin/../lib/gcc/riscv-none-embed/10.2.0/../../../../riscv-none-embed/lib/rv32imafc/ilp32f/libg_nano.a(lib_a-nano-vfprintf_i.o)
 .comment       0x0000000000000034       0x35 /home/pi/tool/xpack-riscv-none-embed-gcc-10.2.0-1.2/bin/../lib/gcc/riscv-none-embed/10.2.0/../../../../riscv-none-embed/lib/rv32imafc/ilp32f/libg_nano.a(lib_a-readr.o)
 .comment       0x0000000000000034       0x35 /home/pi/tool/xpack-riscv-none-embed-gcc-10.2.0-1.2/bin/../lib/gcc/riscv-none-embed/10.2.0/../../../../riscv-none-embed/lib/rv32imafc/ilp32f/libg_nano.a(lib_a-reent.o)
 .comment       0x0000000000000034       0x35 /home/pi/tool/xpack-riscv-none-embed-gcc-10.2.0-1.2/bin/../lib/gcc/riscv-none-embed/10.2.0/../../../../riscv-none-embed/lib/rv32imafc/ilp32f/libnosys.a(close.o)
 .comment       0x0000000000000034       0x35 /home/pi/tool/xpack-riscv-none-embed-gcc-10.2.0-1.2/bin/../lib/gcc/riscv-none-embed/10.2.0/../../../../riscv-none-embed/lib/rv32imafc/ilp32f/libnosys.a(fstat.o)
 .comment       0x0000000000000034       0x35 /home/pi/tool/xpack-riscv-none-embed-gcc-10.2.0-1.2/bin/../lib/gcc/riscv-none-embed/10.2.0/../../../../riscv-none-embed/lib/rv32imafc/ilp32f/libnosys.a(isatty.o)
 .comment       0x0000000000000034       0x35 /home/pi/tool/xpack-riscv-none-embed-gcc-10.2.0-1.2/bin/../lib/gcc/riscv-none-embed/10.2.0/../../../../riscv-none-embed/lib/rv32imafc/ilp32f/libnosys.a(lseek.o)
 .comment       0x0000000000000034       0x35 /home/pi/tool/xpack-riscv-none-embed-gcc-10.2.0-1.2/bin/../lib/gcc/riscv-none-embed/10.2.0/../../../../riscv-none-embed/lib/rv32imafc/ilp32f/libnosys.a(read.o)

.debug_frame    0x0000000000000000      0x718
 .debug_frame   0x0000000000000000       0x48 ./build/./app/main.c.o
 .debug_frame   0x0000000000000048       0xa4 ./build/./vendor/Debug/debug.c.o
 .debug_frame   0x00000000000000ec      0x214 ./build/./vendor/Peripheral/src/ch32v20x_usart.c.o
 .debug_frame   0x0000000000000300       0x30 ./build/./vendor/Peripheral/src/ch32v20x_misc.c.o
 .debug_frame   0x0000000000000330      0x238 ./build/./vendor/Peripheral/src/ch32v20x_rcc.c.o
 .debug_frame   0x0000000000000568      0x150 ./build/./vendor/Peripheral/src/ch32v20x_gpio.c.o
 .debug_frame   0x00000000000006b8       0x30 ./build/./vendor/User/ch32v20x_it.c.o
 .debug_frame   0x00000000000006e8       0x30 ./build/./vendor/User/system_ch32v20x.c.o
